[babylonjs.com/Scenes/Worldmonger/index.html]
[backblue.gif]
[fade.gif]
[index.html]
[code.jquery.com/ui/1.10.3/themes/smoothness/jquery-ui.css]
[babylonjs.com/Scenes/Worldmonger/index.css]
[babylonjs.com/hand.minified-1.2.js]
[babylonjs.com/Scenes/Worldmonger/Shaders/Ground/groundMaterial.js]
[babylonjs.com/Scenes/Worldmonger/Shaders/Water/waterMaterial.js]
[babylonjs.com/Scenes/Worldmonger/index.js]
[babylonjs.com/Scenes/Worldmonger/elevationControl.js]
[babylonjs.com/Scenes/Worldmonger/Assets/arrow.png]
[babylonjs.com/Scenes/Worldmonger/Assets/video.png]
[babylonjs.com/Scenes/Worldmonger/Assets/sep.png]
[babylonjs.com/Scenes/Worldmonger/Assets/up.png]
[babylonjs.com/Scenes/Worldmonger/Assets/down.png]
[babylonjs.com/Scenes/Worldmonger/Assets/widelogo.png]
[babylonjs.com/babylon.js]
[babylonjs.com/Scenes/Worldmonger/Assets/WorldMongerTheme.mp3]
[babylonjs.com/Scenes/Worldmonger/index.html]
[code.jquery.com/ui/1.10.3/themes/smoothness/images/animated-overlay.gif]
[code.jquery.com/ui/1.10.3/themes/smoothness/images/ui-bg_flat_75_ffffff_40x100.png]
[code.jquery.com/ui/1.10.3/themes/smoothness/images/ui-bg_highlight-soft_75_cccccc_1x100.png]
[code.jquery.com/ui/1.10.3/themes/smoothness/images/ui-bg_glass_75_e6e6e6_1x400.png]
[code.jquery.com/ui/1.10.3/themes/smoothness/images/ui-bg_glass_75_dadada_1x400.png]
[code.jquery.com/ui/1.10.3/themes/smoothness/images/ui-bg_glass_65_ffffff_1x400.png]
[code.jquery.com/ui/1.10.3/themes/smoothness/images/ui-bg_glass_55_fbf9ee_1x400.png]
[code.jquery.com/ui/1.10.3/themes/smoothness/images/ui-bg_glass_95_fef1ec_1x400.png]
[code.jquery.com/ui/1.10.3/themes/smoothness/images/ui-icons_222222_256x240.png]
[code.jquery.com/ui/1.10.3/themes/smoothness/images/ui-icons_888888_256x240.png]
[code.jquery.com/ui/1.10.3/themes/smoothness/images/ui-icons_454545_256x240.png]
[code.jquery.com/ui/1.10.3/themes/smoothness/images/ui-icons_2e83ff_256x240.png]
[code.jquery.com/ui/1.10.3/themes/smoothness/images/ui-icons_cd0a0a_256x240.png]
[code.jquery.com/ui/1.10.3/themes/smoothness/images/ui-bg_flat_0_aaaaaa_40x100.png]
[code.jquery.com/ui/1.10.3/themes/smoothness/jquery-ui.css]
[babylonjs.com/Scenes/Worldmonger/index.css]
[babylonjs.com/hand.minified-1.2.js]
[babylonjs.com/babylon.js]
[babylonjs.com/Scenes/Worldmonger/Shaders/Ground/ground.jpg]
[code.jquery.com/jquery-1.9.1.js]
[babylonjs.com/Scenes/Worldmonger/Shaders/Ground/grass.jpg]
[code.jquery.com/ui/1.10.3/jquery-ui.js]
[babylonjs.com/Scenes/Worldmonger/Shaders/Ground/snow.jpg]
[babylonjs.com/Scenes/Worldmonger/Shaders/Ground/sand.jpg]
[babylonjs.com/Scenes/Worldmonger/Shaders/Ground/rock.jpg]
[babylonjs.com/Scenes/Worldmonger/Shaders/Ground/blend.png]
[babylonjs.com/Scenes/Worldmonger/Shaders/Ground/groundMaterial.js]
[babylonjs.com/Scenes/Worldmonger/Shaders/Water/bump.png]
[babylonjs.com/Scenes/Worldmonger/Shaders/Water/waterMaterial.js]
[babylonjs.com/Scenes/Worldmonger/Assets/heightMap.png]
[babylonjs.com/Scenes/Worldmonger/index.js]
[babylonjs.com/Scenes/Worldmonger/Assets/Flare.png]
[babylonjs.com/Scenes/Worldmonger/elevationControl.js]
[babylonjs.com/Scenes/Worldmonger/get.html]
[babylonjs.com/Scenes/Worldmonger/GET-2.html]
[babylonjs.com/Scenes/Worldmonger/babylonjs.html]
[babylonjs.com/Scenes/Worldmonger/src/index.html]
[babylonjs.com/Scenes/Worldmonger/src/Shaders/index.html]
[babylonjs.com/Scenes/Worldmonger/_py.html]
[babylonjs.com/Scenes/Worldmonger/_pz.html]
[babylonjs.com/Scenes/Worldmonger/_nx.html]
[babylonjs.com/Scenes/Worldmonger/_ny.html]
[babylonjs.com/Scenes/Worldmonger/babylon.collisionCoordinator.html]
[babylonjs.com/Scenes/Worldmonger/babylon.collider.html]
[babylonjs.com/Scenes/Math/babylon.math.html]
[babylonjs.com/Scenes/Worldmonger/Shaders/Ground/sand.jpg]
